../Core/Src/main.c:132:1:__io_putchar	16	static
../Core/Src/main.c:148:5:main	80	static
../Core/Src/main.c:255:6:SystemClock_Config	88	static
../Core/Src/main.c:312:6:PeriphCommonClock_Config	144	static
../Core/Src/main.c:340:13:MX_ADC3_Init	24	static
../Core/Src/main.c:392:13:MX_CRC_Init	8	static
../Core/Src/main.c:423:13:MX_DCMI_Init	8	static
../Core/Src/main.c:460:13:MX_DMA2D_Init	8	static
../Core/Src/main.c:497:13:MX_I2C1_Init	8	static
../Core/Src/main.c:545:13:MX_I2C3_Init	8	static
../Core/Src/main.c:593:13:MX_LTDC_Init	64	static
../Core/Src/main.c:655:13:MX_QUADSPI_Init	8	static
../Core/Src/main.c:690:13:MX_RTC_Init	72	static
../Core/Src/main.c:786:13:MX_SAI2_Init	8	static
../Core/Src/main.c:861:13:MX_SDMMC1_SD_Init	4	static
../Core/Src/main.c:889:13:MX_SPDIFRX_Init	8	static
../Core/Src/main.c:925:13:MX_SPI2_Init	8	static
../Core/Src/main.c:965:13:MX_TIM1_Init	112	static
../Core/Src/main.c:1045:13:MX_TIM2_Init	64	static
../Core/Src/main.c:1104:13:MX_TIM3_Init	64	static
../Core/Src/main.c:1158:6:printmsg	96	static
../Core/Src/main.c:1174:13:MX_TIM5_Init	64	static
../Core/Src/main.c:1233:13:MX_TIM8_Init	40	static
../Core/Src/main.c:1280:13:MX_TIM12_Init	40	static
../Core/Src/main.c:1323:13:MX_USART1_UART_Init	8	static
../Core/Src/main.c:1359:5:_write	24	static
../Core/Src/main.c:1365:13:MX_USART6_UART_Init	8	static
../Core/Src/main.c:1396:13:MX_FMC_Init	40	static
../Core/Src/main.c:1447:13:MX_GPIO_Init	72	static
../Core/Src/main.c:1612:6:StartDefaultTask	40	static
../Core/Src/main.c:1641:6:StartTask02	40	static
../Core/Src/main.c:1666:6:HAL_TIM_PeriodElapsedCallback	16	static
../Core/Src/main.c:1683:6:Error_Handler	4	static,ignoring_inline_asm
