../Core/Src/stm32f7xx_hal_msp.c:65:6:HAL_MspInit	16	static
../Core/Src/stm32f7xx_hal_msp.c:89:6:HAL_ADC_MspInit	48	static
../Core/Src/stm32f7xx_hal_msp.c:134:6:HAL_ADC_MspDeInit	16	static
../Core/Src/stm32f7xx_hal_msp.c:170:6:HAL_CRC_MspInit	24	static
../Core/Src/stm32f7xx_hal_msp.c:192:6:HAL_CRC_MspDeInit	16	static
../Core/Src/stm32f7xx_hal_msp.c:214:6:HAL_DCMI_MspInit	64	static
../Core/Src/stm32f7xx_hal_msp.c:292:6:HAL_DCMI_MspDeInit	16	static
../Core/Src/stm32f7xx_hal_msp.c:339:6:HAL_DMA2D_MspInit	24	static
../Core/Src/stm32f7xx_hal_msp.c:364:6:HAL_DMA2D_MspDeInit	16	static
../Core/Src/stm32f7xx_hal_msp.c:389:6:HAL_I2C_MspInit	184	static
../Core/Src/stm32f7xx_hal_msp.c:468:6:HAL_I2C_MspDeInit	16	static
../Core/Src/stm32f7xx_hal_msp.c:519:6:HAL_LTDC_MspInit	64	static
../Core/Src/stm32f7xx_hal_msp.c:620:6:HAL_LTDC_MspDeInit	16	static
../Core/Src/stm32f7xx_hal_msp.c:689:6:HAL_QSPI_MspInit	56	static
../Core/Src/stm32f7xx_hal_msp.c:752:6:HAL_QSPI_MspDeInit	16	static
../Core/Src/stm32f7xx_hal_msp.c:789:6:HAL_RTC_MspInit	152	static
../Core/Src/stm32f7xx_hal_msp.c:822:6:HAL_RTC_MspDeInit	16	static
../Core/Src/stm32f7xx_hal_msp.c:844:6:HAL_SD_MspInit	48	static
../Core/Src/stm32f7xx_hal_msp.c:893:6:HAL_SD_MspDeInit	16	static
../Core/Src/stm32f7xx_hal_msp.c:929:6:HAL_SPDIFRX_MspInit	176	static
../Core/Src/stm32f7xx_hal_msp.c:979:6:HAL_SPDIFRX_MspDeInit	16	static
../Core/Src/stm32f7xx_hal_msp.c:1007:6:HAL_SPI_MspInit	48	static
../Core/Src/stm32f7xx_hal_msp.c:1052:6:HAL_SPI_MspDeInit	16	static
../Core/Src/stm32f7xx_hal_msp.c:1084:6:HAL_TIM_Base_MspInit	40	static
../Core/Src/stm32f7xx_hal_msp.c:1150:6:HAL_TIM_PWM_MspInit	24	static
../Core/Src/stm32f7xx_hal_msp.c:1166:6:HAL_TIM_MspPostInit	56	static
../Core/Src/stm32f7xx_hal_msp.c:1281:6:HAL_TIM_Base_MspDeInit	16	static
../Core/Src/stm32f7xx_hal_msp.c:1347:6:HAL_TIM_PWM_MspDeInit	16	static
../Core/Src/stm32f7xx_hal_msp.c:1369:6:HAL_UART_MspInit	192	static
../Core/Src/stm32f7xx_hal_msp.c:1458:6:HAL_UART_MspDeInit	16	static
../Core/Src/stm32f7xx_hal_msp.c:1503:13:HAL_FMC_MspInit	32	static
../Core/Src/stm32f7xx_hal_msp.c:1609:6:HAL_SDRAM_MspInit	16	static
../Core/Src/stm32f7xx_hal_msp.c:1621:13:HAL_FMC_MspDeInit	8	static
../Core/Src/stm32f7xx_hal_msp.c:1695:6:HAL_SDRAM_MspDeInit	16	static
../Core/Src/stm32f7xx_hal_msp.c:1707:6:HAL_SAI_MspInit	48	static
../Core/Src/stm32f7xx_hal_msp.c:1757:6:HAL_SAI_MspDeInit	16	static
